ACF Int  = 148.7408 ± 6.3109
Tau tail = 185.0730 ± 20.8904
Log lh   = -2.98082e+01
--
ACF Int  = 150.5656 ± 6.6132
Tau tail = 213.2045 ± 22.1269
Log lh   = -4.16518e+01
--
