ACF Int  = 1.48593e+02 ± 6.536e+00
Tau tail = 1.94727e+02 ± 2.556e+01
Log lh   = -2.70496e+01
---
ACF Int  = 1.50189e+02 ± 7.215e+00
Tau tail = 2.43252e+02 ± 3.295e+01
Log lh   = -2.81018e+01
---
