ACF Int  = 1.49634e+02 ± 6.38065e+00
Tau tail = 2.03045e+02 ± 1.97194e+01
Log lh   = -3.96689e+01
---
