ACF Int  = 148.7408 ± 6.3109
Tau tail = 185.0730 ± 20.8904
Log lh   = -2.98082e+01
