acint = 9.95604e-01 ± 1.81721e-02
corrtime int = 2.14769e+01 ± 3.92004e-01
---
