acint = 9.89672e-01 ± 1.24547e-02
corrtime exp = 3.98359e+01 ± 2.67076e-01
corrtime int = 4.00341e+01 ± 5.03815e-01
log(lh) = 9.54212e+03
---
