acint = 1.01807e+00 ± 1.11196e-02
corrtime int = 1.72830e+00 ± 1.88768e-02
log(lh) = 3.94687e+02
---
