ACF Int  = 1.2984e+02 ± 1.509e+00
Tau tail = inf ± inf
Log lh   = -6.04744e+01
---
ACF Int  = 1.2633e+02 ± 1.719e+00
Tau tail = inf ± inf
Log lh   = -4.51941e+01
---
