acint = 9.84785e-01 ± 6.49845e-03
corrtime int = 4.93270e-01 ± 3.25502e-03
log(lh) = 1.13082e+03
---
