acint = 1.39323e+02 ± 9.85167e+00
corrtime int = 5.44448e-01 ± 3.84983e-02
log(lh) = -5.08438e+01
---
