acint = 1.01247e+00 ± 1.52967e-02
corrtime int = 1.71880e+00 ± 2.59679e-02
---
