acint = 9.76924e-01 ± 8.76089e-03
corrtime int = 4.89333e-01 ± 4.38825e-03
log(lh) = 6.18761e+02
---
