acint = 9.55068e-01 ± 1.56951e-02
corrtime int = 3.86344e+01 ± 6.34896e-01
log(lh) = 4.96647e+01
---
