acint = 9.87619e-01 ± 1.32221e-02
corrtime exp = 3.97541e+01 ± 3.50388e-01
corrtime int = 3.99511e+01 ± 5.34861e-01
log(lh) = 1.41011e+03
---
