acint = 1.00429e+00 ± 3.77262e-03
corrtime int = 1.70491e+00 ± 6.40447e-03
---
