acint = 9.75858e-01 ± 1.81777e-02
corrtime exp = 3.87415e+01 ± 2.45666e+00
corrtime int = 3.94754e+01 ± 7.35322e-01
log(lh) = 1.07399e+02
---
