ACF Int  = 149.8578 ± 6.8439
Tau tail = 208.4012 ± 29.0826
Log lh   = -2.80263e+01
