ACF Int  = 1.28289e+02 ± 9.02688e-01
Tau tail = 1.00267e+02 ± inf
Log lh   = -1.65072e+02
---
