acint = 1.00999e+00 ± 1.69075e-02
corrtime exp = 3.90145e+01 ± 1.47228e+00
corrtime int = 2.17872e+01 ± 3.64724e-01
---
