acint = 1.51776e+02 ± 7.07620e+00
corrtime exp = 1.30186e+02 ± 1.21592e+01
corrtime int = 2.52515e+01 ± 1.17729e+00
log(lh) = -8.45718e+01
---
