acint = 1.00820e+00 ± 1.66085e-02
corrtime exp = 3.87515e+01 ± 1.23834e+00
corrtime int = 2.17485e+01 ± 3.58273e-01
---
