acint = 1.00494e+00 ± 1.56982e-02
corrtime exp = 3.82676e+01 ± 8.44726e-01
corrtime int = 2.16783e+01 ± 3.38636e-01
log(lh) = 2.98096e+02
---
