ACF Int  = 1.28146e+02 ± 4.53632e-01
Tau tail = inf ± inf
Log lh   = -6.57583e+02
---
