acint = 1.00231e+00 ± 1.92469e-02
corrtime int = 2.16214e+01 ± 4.15188e-01
---
