acint = 8.84934e+01 ± 1.39920e+00
corrtime int = 1.48275e+01 ± 2.34444e-01
log(lh) = -1.73510e+02
---
acint = 8.84987e+01 ± 1.39929e+00
corrtime int = 1.47238e+01 ± 2.32804e-01
log(lh) = -1.50869e+02
---
