ACF Int  = 1.4958e+02 ± 6.349e+00
Tau tail = 2.0256e+02 ± 1.910e+01
Log lh   = -4.16750e+01
---
