acint = 1.01097e+00 ± 1.72203e-02
corrtime exp = 3.91233e+01 ± 1.75352e+00
corrtime int = 2.18083e+01 ± 3.71471e-01
---
