acint = 1.02320e+00 ± 1.07933e-02
corrtime int = 1.73701e+00 ± 1.83229e-02
log(lh) = 4.20237e+02
---
