acint = 9.87810e-01 ± 1.27099e-02
corrtime exp = 3.97516e+01 ± 3.28265e-01
corrtime int = 3.99588e+01 ± 5.14141e-01
---
