acint = 1.01027e+00 ± 1.70589e-02
corrtime int = 1.71506e+00 ± 2.89595e-02
---
