acint = 1.02072e+00 ± 1.76075e-02
corrtime int = 1.73280e+00 ± 2.98908e-02
log(lh) = 1.53833e+02
---
