ACF Int  = 1.4142e+02 ± 5.996e+00
Tau tail = 2.0411e+02 ± 2.207e+01
Log lh   = -3.83948e+01
---
ACF Int  = 1.4422e+02 ± 6.624e+00
Tau tail = 2.7431e+02 ± 3.428e+01
Log lh   = -4.64089e+01
---
