ACF Int  = 1.29843e+02 ± 1.50939e+00
Tau tail = inf ± inf
Log lh   = -6.04744e+01
---
ACF Int  = 1.26327e+02 ± 1.71910e+00
Tau tail = inf ± inf
Log lh   = -4.51941e+01
---
