ACF Int  = 1.10187e+02 ± 1.370e+00
Tau tail = 4.38514e+01 ± 3.619e-01
Log lh   = -1.25548e+04
---
