acint = 9.91990e-01 ± 6.77003e-03
corrtime int = 2.13989e+01 ± 1.46041e-01
---
