acint = 3.46319e-01 ± 1.77948e-03
corrtime int = 1.40093e+01 ± 7.19836e-02
log(lh) = -8.67728e+03
---
