ACF Int  = 1.4859e+02 ± 6.536e+00
Tau tail = 1.9473e+02 ± 2.556e+01
Log lh   = -2.70496e+01
---
