acint = 9.86639e-01 ± 1.63981e-02
corrtime int = 2.12835e+01 ± 3.53735e-01
log(lh) = 4.43584e+01
---
