ACF Int  = 139.3218 ± 9.8518
Tau tail = 64714.0870 ± 1744688.1027
Log lh   = -3.19665e+01
---
