ACF Int  = 140.5952 ± 6.4655
Tau tail = 275.8127 ± 169.9681
Log lh   = -6.10718e+01
---
