acint = 1.40581e+02 ± 6.36273e+00
corrtime exp = 1.23767e+02 ± 8.83957e+01
corrtime int = 5.50611e-01 ± 2.49208e-02
log(lh) = 1.77900e+01
---
acint = 1.39323e+02 ± 9.85167e+00
corrtime exp = 1.55533e+05 ± 2.01536e+07
corrtime int = 5.44448e-01 ± 3.84983e-02
log(lh) = 1.62748e+01
---
