ACF Int  = 148.5930 ± 6.5364
Tau tail = 194.7273 ± 25.5622
Log lh   = -2.70496e+01
---
