acint = 9.60706e-01 ± 7.77815e-03
corrtime int = 3.88624e+01 ± 3.14641e-01
---
