acint = 1.50189e+02 ± 7.21500e+00
corrtime exp = 1.21626e+02 ± 1.64746e+01
corrtime int = 2.49875e+01 ± 1.20038e+00
log(lh) = -2.81018e+01
---
