ACF Int  = 147.2206 ± 6.2350
Tau tail = 171.7271 ± 21.9140
Log lh   = -2.68333e+01
--
ACF Int  = 149.8578 ± 6.8439
Tau tail = 208.4012 ± 29.0826
Log lh   = -2.80263e+01
--
