acint = 9.74200e-01 ± 6.74449e-03
corrtime int = 1.65382e+00 ± 1.14496e-02
log(lh) = 9.79226e+01
---
