acint = 9.83272e-01 ± 6.40232e-03
corrtime int = 4.92512e-01 ± 3.20687e-03
---
